[2024-02-11T17:23:48.674-0500][gc,init] CardTable entry size: 512
[2024-02-11T17:23:48.674-0500][gc     ] Using G1
[2024-02-11T17:23:48.675-0500][gc,init] Version: 20.0.2+9-78 (release)
[2024-02-11T17:23:48.675-0500][gc,init] CPUs: 10 total, 10 available
[2024-02-11T17:23:48.675-0500][gc,init] Memory: 16384M
[2024-02-11T17:23:48.675-0500][gc,init] Large Page Support: Disabled
[2024-02-11T17:23:48.675-0500][gc,init] NUMA Support: Disabled
[2024-02-11T17:23:48.675-0500][gc,init] Compressed Oops: Enabled (Zero based)
[2024-02-11T17:23:48.675-0500][gc,init] Heap Region Size: 1M
[2024-02-11T17:23:48.675-0500][gc,init] Heap Min Capacity: 1G
[2024-02-11T17:23:48.675-0500][gc,init] Heap Initial Capacity: 1G
[2024-02-11T17:23:48.675-0500][gc,init] Heap Max Capacity: 1G
[2024-02-11T17:23:48.675-0500][gc,init] Pre-touch: Disabled
[2024-02-11T17:23:48.675-0500][gc,init] Parallel Workers: 9
[2024-02-11T17:23:48.675-0500][gc,init] Concurrent Workers: 2
[2024-02-11T17:23:48.675-0500][gc,init] Concurrent Refinement Workers: 9
[2024-02-11T17:23:48.675-0500][gc,init] Periodic GC: Disabled
[2024-02-11T17:23:48.678-0500][gc,metaspace] CDS archive(s) mapped at: [0x0000009800000000-0x0000009800c78000-0x0000009800c78000), size 13074432, SharedBaseAddress: 0x0000009800000000, ArchiveRelocationMode: 1.
[2024-02-11T17:23:48.678-0500][gc,metaspace] Compressed class space mapped at: 0x0000009801000000-0x0000009841000000, reserved size: 1073741824
[2024-02-11T17:23:48.678-0500][gc,metaspace] Narrow klass base: 0x0000009800000000, Narrow klass shift: 0, Narrow klass range: 0x100000000
[2024-02-11T17:23:49.148-0500][gc,start    ] GC(0) Pause Young (Normal) (G1 Evacuation Pause)
[2024-02-11T17:23:49.148-0500][gc,task     ] GC(0) Using 9 workers of 9 for evacuation
[2024-02-11T17:23:49.150-0500][gc,phases   ] GC(0)   Pre Evacuate Collection Set: 0.2ms
[2024-02-11T17:23:49.150-0500][gc,phases   ] GC(0)   Merge Heap Roots: 0.1ms
[2024-02-11T17:23:49.150-0500][gc,phases   ] GC(0)   Evacuate Collection Set: 1.7ms
[2024-02-11T17:23:49.150-0500][gc,phases   ] GC(0)   Post Evacuate Collection Set: 0.4ms
[2024-02-11T17:23:49.150-0500][gc,phases   ] GC(0)   Other: 0.2ms
[2024-02-11T17:23:49.150-0500][gc,heap     ] GC(0) Eden regions: 51->0(44)
[2024-02-11T17:23:49.150-0500][gc,heap     ] GC(0) Survivor regions: 0->7(7)
[2024-02-11T17:23:49.150-0500][gc,heap     ] GC(0) Old regions: 0->1
[2024-02-11T17:23:49.150-0500][gc,heap     ] GC(0) Archive regions: 2->2
[2024-02-11T17:23:49.150-0500][gc,heap     ] GC(0) Humongous regions: 0->0
[2024-02-11T17:23:49.150-0500][gc,metaspace] GC(0) Metaspace: 18055K(18304K)->18055K(18304K) NonClass: 15988K(16128K)->15988K(16128K) Class: 2066K(2176K)->2066K(2176K)
[2024-02-11T17:23:49.150-0500][gc          ] GC(0) Pause Young (Normal) (G1 Evacuation Pause) 51M->8M(1024M) 2.599ms
[2024-02-11T17:23:49.150-0500][gc,cpu      ] GC(0) User=0.01s Sys=0.00s Real=0.01s
[2024-02-11T17:23:49.223-0500][gc,start    ] GC(1) Pause Young (Concurrent Start) (Metadata GC Threshold)
[2024-02-11T17:23:49.223-0500][gc,task     ] GC(1) Using 9 workers of 9 for evacuation
[2024-02-11T17:23:49.225-0500][gc,phases   ] GC(1)   Pre Evacuate Collection Set: 0.1ms
[2024-02-11T17:23:49.225-0500][gc,phases   ] GC(1)   Merge Heap Roots: 0.0ms
[2024-02-11T17:23:49.225-0500][gc,phases   ] GC(1)   Evacuate Collection Set: 1.8ms
[2024-02-11T17:23:49.225-0500][gc,phases   ] GC(1)   Post Evacuate Collection Set: 0.2ms
[2024-02-11T17:23:49.225-0500][gc,phases   ] GC(1)   Other: 0.0ms
[2024-02-11T17:23:49.225-0500][gc,heap     ] GC(1) Eden regions: 13->0(49)
[2024-02-11T17:23:49.225-0500][gc,heap     ] GC(1) Survivor regions: 7->2(7)
[2024-02-11T17:23:49.225-0500][gc,heap     ] GC(1) Old regions: 1->8
[2024-02-11T17:23:49.225-0500][gc,heap     ] GC(1) Archive regions: 2->2
[2024-02-11T17:23:49.225-0500][gc,heap     ] GC(1) Humongous regions: 0->0
[2024-02-11T17:23:49.225-0500][gc,metaspace] GC(1) Metaspace: 21218K(21504K)->21218K(21504K) NonClass: 18743K(18880K)->18743K(18880K) Class: 2474K(2624K)->2474K(2624K)
[2024-02-11T17:23:49.225-0500][gc          ] GC(1) Pause Young (Concurrent Start) (Metadata GC Threshold) 20M->10M(1024M) 2.278ms
[2024-02-11T17:23:49.225-0500][gc          ] GC(2) Concurrent Mark Cycle
[2024-02-11T17:23:49.225-0500][gc,cpu      ] GC(1) User=0.01s Sys=0.01s Real=0.00s
[2024-02-11T17:23:49.225-0500][gc,marking  ] GC(2) Concurrent Scan Root Regions
[2024-02-11T17:23:49.226-0500][gc,marking  ] GC(2) Concurrent Scan Root Regions 1.041ms
[2024-02-11T17:23:49.226-0500][gc,marking  ] GC(2) Concurrent Mark
[2024-02-11T17:23:49.226-0500][gc,marking  ] GC(2) Concurrent Mark From Roots
[2024-02-11T17:23:49.226-0500][gc,task     ] GC(2) Using 2 workers of 2 for marking
[2024-02-11T17:23:49.226-0500][gc,marking  ] GC(2) Concurrent Mark From Roots 0.339ms
[2024-02-11T17:23:49.226-0500][gc,marking  ] GC(2) Concurrent Preclean
[2024-02-11T17:23:49.226-0500][gc,marking  ] GC(2) Concurrent Preclean 0.005ms
[2024-02-11T17:23:49.226-0500][gc,start    ] GC(2) Pause Remark
[2024-02-11T17:23:49.227-0500][gc          ] GC(2) Pause Remark 10M->10M(1024M) 0.768ms
[2024-02-11T17:23:49.227-0500][gc,cpu      ] GC(2) User=0.01s Sys=0.00s Real=0.00s
[2024-02-11T17:23:49.227-0500][gc,marking  ] GC(2) Concurrent Mark 1.221ms
[2024-02-11T17:23:49.227-0500][gc,marking  ] GC(2) Concurrent Rebuild Remembered Sets and Scrub Regions
[2024-02-11T17:23:49.228-0500][gc,marking  ] GC(2) Concurrent Rebuild Remembered Sets and Scrub Regions 0.398ms
[2024-02-11T17:23:49.228-0500][gc,start    ] GC(2) Pause Cleanup
[2024-02-11T17:23:49.228-0500][gc          ] GC(2) Pause Cleanup 10M->10M(1024M) 0.008ms
[2024-02-11T17:23:49.228-0500][gc,cpu      ] GC(2) User=0.00s Sys=0.00s Real=0.00s
[2024-02-11T17:23:49.228-0500][gc,marking  ] GC(2) Concurrent Clear Claimed Marks
[2024-02-11T17:23:49.228-0500][gc,marking  ] GC(2) Concurrent Clear Claimed Marks 0.012ms
[2024-02-11T17:23:49.228-0500][gc,marking  ] GC(2) Concurrent Cleanup for Next Mark
[2024-02-11T17:23:49.229-0500][gc,marking  ] GC(2) Concurrent Cleanup for Next Mark 1.042ms
[2024-02-11T17:23:49.229-0500][gc          ] GC(2) Concurrent Mark Cycle 3.861ms
[2024-02-11T17:23:49.487-0500][gc,start    ] GC(3) Pause Young (Normal) (G1 Evacuation Pause)
[2024-02-11T17:23:49.487-0500][gc,task     ] GC(3) Using 9 workers of 9 for evacuation
[2024-02-11T17:23:49.490-0500][gc,phases   ] GC(3)   Pre Evacuate Collection Set: 0.2ms
[2024-02-11T17:23:49.490-0500][gc,phases   ] GC(3)   Merge Heap Roots: 0.0ms
[2024-02-11T17:23:49.490-0500][gc,phases   ] GC(3)   Evacuate Collection Set: 1.7ms
[2024-02-11T17:23:49.490-0500][gc,phases   ] GC(3)   Post Evacuate Collection Set: 0.2ms
[2024-02-11T17:23:49.490-0500][gc,phases   ] GC(3)   Other: 0.0ms
[2024-02-11T17:23:49.490-0500][gc,heap     ] GC(3) Eden regions: 49->0(44)
[2024-02-11T17:23:49.490-0500][gc,heap     ] GC(3) Survivor regions: 2->7(7)
[2024-02-11T17:23:49.490-0500][gc,heap     ] GC(3) Old regions: 8->8
[2024-02-11T17:23:49.490-0500][gc,heap     ] GC(3) Archive regions: 2->2
[2024-02-11T17:23:49.490-0500][gc,heap     ] GC(3) Humongous regions: 129->129
[2024-02-11T17:23:49.490-0500][gc,metaspace] GC(3) Metaspace: 32714K(33024K)->32714K(33024K) NonClass: 29121K(29312K)->29121K(29312K) Class: 3592K(3712K)->3592K(3712K)
[2024-02-11T17:23:49.490-0500][gc          ] GC(3) Pause Young (Normal) (G1 Evacuation Pause) 188M->143M(1024M) 2.204ms
[2024-02-11T17:23:49.490-0500][gc,cpu      ] GC(3) User=0.01s Sys=0.01s Real=0.01s
[2024-02-11T17:23:49.609-0500][gc,start    ] GC(4) Pause Young (Concurrent Start) (Metadata GC Threshold)
[2024-02-11T17:23:49.609-0500][gc,task     ] GC(4) Using 9 workers of 9 for evacuation
[2024-02-11T17:23:49.611-0500][gc,phases   ] GC(4)   Pre Evacuate Collection Set: 0.2ms
[2024-02-11T17:23:49.611-0500][gc,phases   ] GC(4)   Merge Heap Roots: 0.0ms
[2024-02-11T17:23:49.611-0500][gc,phases   ] GC(4)   Evacuate Collection Set: 1.7ms
[2024-02-11T17:23:49.611-0500][gc,phases   ] GC(4)   Post Evacuate Collection Set: 0.2ms
[2024-02-11T17:23:49.611-0500][gc,phases   ] GC(4)   Other: 0.0ms
[2024-02-11T17:23:49.611-0500][gc,heap     ] GC(4) Eden regions: 15->0(49)
[2024-02-11T17:23:49.611-0500][gc,heap     ] GC(4) Survivor regions: 7->2(7)
[2024-02-11T17:23:49.611-0500][gc,heap     ] GC(4) Old regions: 8->14
[2024-02-11T17:23:49.611-0500][gc,heap     ] GC(4) Archive regions: 2->2
[2024-02-11T17:23:49.611-0500][gc,heap     ] GC(4) Humongous regions: 129->129
[2024-02-11T17:23:49.611-0500][gc,metaspace] GC(4) Metaspace: 35803K(36096K)->35803K(36096K) NonClass: 31830K(32000K)->31830K(32000K) Class: 3972K(4096K)->3972K(4096K)
[2024-02-11T17:23:49.611-0500][gc          ] GC(4) Pause Young (Concurrent Start) (Metadata GC Threshold) 158M->145M(1024M) 2.201ms
[2024-02-11T17:23:49.611-0500][gc          ] GC(5) Concurrent Mark Cycle
[2024-02-11T17:23:49.611-0500][gc,cpu      ] GC(4) User=0.01s Sys=0.00s Real=0.01s
[2024-02-11T17:23:49.611-0500][gc,marking  ] GC(5) Concurrent Scan Root Regions
[2024-02-11T17:23:49.613-0500][gc,marking  ] GC(5) Concurrent Scan Root Regions 1.510ms
[2024-02-11T17:23:49.613-0500][gc,marking  ] GC(5) Concurrent Mark
[2024-02-11T17:23:49.613-0500][gc,marking  ] GC(5) Concurrent Mark From Roots
[2024-02-11T17:23:49.613-0500][gc,task     ] GC(5) Using 2 workers of 2 for marking
[2024-02-11T17:23:49.615-0500][gc,marking  ] GC(5) Concurrent Mark From Roots 2.062ms
[2024-02-11T17:23:49.615-0500][gc,marking  ] GC(5) Concurrent Preclean
[2024-02-11T17:23:49.615-0500][gc,marking  ] GC(5) Concurrent Preclean 0.012ms
[2024-02-11T17:23:49.615-0500][gc,start    ] GC(5) Pause Remark
[2024-02-11T17:23:49.616-0500][gc          ] GC(5) Pause Remark 145M->145M(1024M) 0.942ms
[2024-02-11T17:23:49.616-0500][gc,cpu      ] GC(5) User=0.00s Sys=0.00s Real=0.00s
[2024-02-11T17:23:49.616-0500][gc,marking  ] GC(5) Concurrent Mark 3.099ms
[2024-02-11T17:23:49.616-0500][gc,marking  ] GC(5) Concurrent Rebuild Remembered Sets and Scrub Regions
[2024-02-11T17:23:49.618-0500][gc,marking  ] GC(5) Concurrent Rebuild Remembered Sets and Scrub Regions 2.082ms
[2024-02-11T17:23:49.618-0500][gc,start    ] GC(5) Pause Cleanup
[2024-02-11T17:23:49.618-0500][gc          ] GC(5) Pause Cleanup 145M->145M(1024M) 0.074ms
[2024-02-11T17:23:49.618-0500][gc,cpu      ] GC(5) User=0.00s Sys=0.00s Real=0.00s
[2024-02-11T17:23:49.618-0500][gc,marking  ] GC(5) Concurrent Clear Claimed Marks
[2024-02-11T17:23:49.618-0500][gc,marking  ] GC(5) Concurrent Clear Claimed Marks 0.008ms
[2024-02-11T17:23:49.618-0500][gc,marking  ] GC(5) Concurrent Cleanup for Next Mark
[2024-02-11T17:23:49.619-0500][gc,marking  ] GC(5) Concurrent Cleanup for Next Mark 0.501ms
[2024-02-11T17:23:49.619-0500][gc          ] GC(5) Concurrent Mark Cycle 7.387ms
[2024-02-11T17:28:07.710-0500][gc,start    ] GC(6) Pause Young (Prepare Mixed) (G1 Evacuation Pause)
[2024-02-11T17:28:07.710-0500][gc,task     ] GC(6) Using 9 workers of 9 for evacuation
[2024-02-11T17:28:07.724-0500][gc,phases   ] GC(6)   Pre Evacuate Collection Set: 0.6ms
[2024-02-11T17:28:07.724-0500][gc,phases   ] GC(6)   Merge Heap Roots: 0.3ms
[2024-02-11T17:28:07.724-0500][gc,phases   ] GC(6)   Evacuate Collection Set: 12.5ms
[2024-02-11T17:28:07.724-0500][gc,phases   ] GC(6)   Post Evacuate Collection Set: 1.0ms
[2024-02-11T17:28:07.724-0500][gc,phases   ] GC(6)   Other: 0.2ms
[2024-02-11T17:28:07.724-0500][gc,heap     ] GC(6) Eden regions: 49->0(46)
[2024-02-11T17:28:07.724-0500][gc,heap     ] GC(6) Survivor regions: 2->5(7)
[2024-02-11T17:28:07.724-0500][gc,heap     ] GC(6) Old regions: 14->14
[2024-02-11T17:28:07.724-0500][gc,heap     ] GC(6) Archive regions: 2->2
[2024-02-11T17:28:07.724-0500][gc,heap     ] GC(6) Humongous regions: 129->129
[2024-02-11T17:28:07.724-0500][gc,metaspace] GC(6) Metaspace: 41322K(41984K)->41322K(41984K) NonClass: 36527K(36928K)->36527K(36928K) Class: 4795K(5056K)->4795K(5056K)
[2024-02-11T17:28:07.724-0500][gc          ] GC(6) Pause Young (Prepare Mixed) (G1 Evacuation Pause) 194M->148M(1024M) 14.910ms
[2024-02-11T17:28:07.725-0500][gc,cpu      ] GC(6) User=0.04s Sys=0.00s Real=0.01s
[2024-02-11T17:41:21.811-0500][gc,start    ] GC(7) Pause Young (Mixed) (G1 Evacuation Pause)
[2024-02-11T17:41:21.812-0500][gc,task     ] GC(7) Using 9 workers of 9 for evacuation
[2024-02-11T17:41:21.823-0500][gc,phases   ] GC(7)   Pre Evacuate Collection Set: 0.3ms
[2024-02-11T17:41:21.823-0500][gc,phases   ] GC(7)   Merge Heap Roots: 0.1ms
[2024-02-11T17:41:21.823-0500][gc,phases   ] GC(7)   Evacuate Collection Set: 9.6ms
[2024-02-11T17:41:21.823-0500][gc,phases   ] GC(7)   Post Evacuate Collection Set: 0.6ms
[2024-02-11T17:41:21.823-0500][gc,phases   ] GC(7)   Other: 0.1ms
[2024-02-11T17:41:21.823-0500][gc,heap     ] GC(7) Eden regions: 46->0(49)
[2024-02-11T17:41:21.823-0500][gc,heap     ] GC(7) Survivor regions: 5->2(7)
[2024-02-11T17:41:21.823-0500][gc,heap     ] GC(7) Old regions: 14->18
[2024-02-11T17:41:21.823-0500][gc,heap     ] GC(7) Archive regions: 2->2
[2024-02-11T17:41:21.823-0500][gc,heap     ] GC(7) Humongous regions: 129->129
[2024-02-11T17:41:21.823-0500][gc,metaspace] GC(7) Metaspace: 41751K(42432K)->41751K(42432K) NonClass: 36928K(37312K)->36928K(37312K) Class: 4822K(5120K)->4822K(5120K)
[2024-02-11T17:41:21.823-0500][gc          ] GC(7) Pause Young (Mixed) (G1 Evacuation Pause) 194M->149M(1024M) 12.265ms
[2024-02-11T17:41:21.823-0500][gc,cpu      ] GC(7) User=0.03s Sys=0.01s Real=0.01s
[2024-02-11T17:57:19.249-0500][gc,start    ] GC(8) Pause Young (Normal) (G1 Evacuation Pause)
[2024-02-11T17:57:19.250-0500][gc,task     ] GC(8) Using 9 workers of 9 for evacuation
[2024-02-11T17:57:19.259-0500][gc,phases   ] GC(8)   Pre Evacuate Collection Set: 0.5ms
[2024-02-11T17:57:19.259-0500][gc,phases   ] GC(8)   Merge Heap Roots: 0.1ms
[2024-02-11T17:57:19.259-0500][gc,phases   ] GC(8)   Evacuate Collection Set: 7.6ms
[2024-02-11T17:57:19.259-0500][gc,phases   ] GC(8)   Post Evacuate Collection Set: 0.5ms
[2024-02-11T17:57:19.259-0500][gc,phases   ] GC(8)   Other: 0.2ms
[2024-02-11T17:57:19.259-0500][gc,heap     ] GC(8) Eden regions: 49->0(46)
[2024-02-11T17:57:19.259-0500][gc,heap     ] GC(8) Survivor regions: 2->5(7)
[2024-02-11T17:57:19.259-0500][gc,heap     ] GC(8) Old regions: 18->18
[2024-02-11T17:57:19.259-0500][gc,heap     ] GC(8) Archive regions: 2->2
[2024-02-11T17:57:19.259-0500][gc,heap     ] GC(8) Humongous regions: 129->129
[2024-02-11T17:57:19.259-0500][gc,metaspace] GC(8) Metaspace: 41838K(42496K)->41838K(42496K) NonClass: 37015K(37376K)->37015K(37376K) Class: 4822K(5120K)->4822K(5120K)
[2024-02-11T17:57:19.260-0500][gc          ] GC(8) Pause Young (Normal) (G1 Evacuation Pause) 198M->151M(1024M) 10.631ms
[2024-02-11T17:57:19.260-0500][gc,cpu      ] GC(8) User=0.03s Sys=0.01s Real=0.02s
[2024-02-11T18:11:05.269-0500][gc,start    ] GC(9) Pause Young (Normal) (G1 Evacuation Pause)
[2024-02-11T18:11:05.270-0500][gc,task     ] GC(9) Using 9 workers of 9 for evacuation
[2024-02-11T18:11:05.281-0500][gc,phases   ] GC(9)   Pre Evacuate Collection Set: 0.4ms
[2024-02-11T18:11:05.281-0500][gc,phases   ] GC(9)   Merge Heap Roots: 0.1ms
[2024-02-11T18:11:05.281-0500][gc,phases   ] GC(9)   Evacuate Collection Set: 9.9ms
[2024-02-11T18:11:05.281-0500][gc,phases   ] GC(9)   Post Evacuate Collection Set: 0.5ms
[2024-02-11T18:11:05.281-0500][gc,phases   ] GC(9)   Other: 0.2ms
[2024-02-11T18:11:05.281-0500][gc,heap     ] GC(9) Eden regions: 46->0(47)
[2024-02-11T18:11:05.281-0500][gc,heap     ] GC(9) Survivor regions: 5->4(7)
[2024-02-11T18:11:05.281-0500][gc,heap     ] GC(9) Old regions: 18->20
[2024-02-11T18:11:05.281-0500][gc,heap     ] GC(9) Archive regions: 2->2
[2024-02-11T18:11:05.281-0500][gc,heap     ] GC(9) Humongous regions: 129->129
[2024-02-11T18:11:05.281-0500][gc,metaspace] GC(9) Metaspace: 42325K(43008K)->42325K(43008K) NonClass: 37401K(37760K)->37401K(37760K) Class: 4923K(5248K)->4923K(5248K)
[2024-02-11T18:11:05.281-0500][gc          ] GC(9) Pause Young (Normal) (G1 Evacuation Pause) 197M->153M(1024M) 12.541ms
[2024-02-11T18:11:05.281-0500][gc,cpu      ] GC(9) User=0.04s Sys=0.01s Real=0.02s
[2024-02-11T18:20:55.698-0500][gc,start    ] GC(10) Pause Young (Normal) (G1 Evacuation Pause)
[2024-02-11T18:20:55.699-0500][gc,task     ] GC(10) Using 9 workers of 9 for evacuation
[2024-02-11T18:20:55.711-0500][gc,phases   ] GC(10)   Pre Evacuate Collection Set: 0.5ms
[2024-02-11T18:20:55.711-0500][gc,phases   ] GC(10)   Merge Heap Roots: 0.1ms
[2024-02-11T18:20:55.711-0500][gc,phases   ] GC(10)   Evacuate Collection Set: 10.6ms
[2024-02-11T18:20:55.711-0500][gc,phases   ] GC(10)   Post Evacuate Collection Set: 0.5ms
[2024-02-11T18:20:55.711-0500][gc,phases   ] GC(10)   Other: 0.1ms
[2024-02-11T18:20:55.711-0500][gc,heap     ] GC(10) Eden regions: 47->0(47)
[2024-02-11T18:20:55.711-0500][gc,heap     ] GC(10) Survivor regions: 4->4(7)
[2024-02-11T18:20:55.711-0500][gc,heap     ] GC(10) Old regions: 20->22
[2024-02-11T18:20:55.711-0500][gc,heap     ] GC(10) Archive regions: 2->2
[2024-02-11T18:20:55.711-0500][gc,heap     ] GC(10) Humongous regions: 129->129
[2024-02-11T18:20:55.711-0500][gc,metaspace] GC(10) Metaspace: 42378K(43136K)->42378K(43136K) NonClass: 37454K(37888K)->37454K(37888K) Class: 4924K(5248K)->4924K(5248K)
[2024-02-11T18:20:55.711-0500][gc          ] GC(10) Pause Young (Normal) (G1 Evacuation Pause) 200M->155M(1024M) 13.344ms
[2024-02-11T18:20:55.711-0500][gc,cpu      ] GC(10) User=0.03s Sys=0.00s Real=0.02s
[2024-02-11T18:30:56.737-0500][gc,start    ] GC(11) Pause Young (Normal) (G1 Evacuation Pause)
[2024-02-11T18:30:56.738-0500][gc,task     ] GC(11) Using 9 workers of 9 for evacuation
[2024-02-11T18:30:56.753-0500][gc,phases   ] GC(11)   Pre Evacuate Collection Set: 0.6ms
[2024-02-11T18:30:56.753-0500][gc,phases   ] GC(11)   Merge Heap Roots: 0.2ms
[2024-02-11T18:30:56.753-0500][gc,phases   ] GC(11)   Evacuate Collection Set: 13.6ms
[2024-02-11T18:30:56.753-0500][gc,phases   ] GC(11)   Post Evacuate Collection Set: 0.4ms
[2024-02-11T18:30:56.753-0500][gc,phases   ] GC(11)   Other: 0.2ms
[2024-02-11T18:30:56.753-0500][gc,heap     ] GC(11) Eden regions: 47->0(44)
[2024-02-11T18:30:56.753-0500][gc,heap     ] GC(11) Survivor regions: 4->7(7)
[2024-02-11T18:30:56.753-0500][gc,heap     ] GC(11) Old regions: 22->22
[2024-02-11T18:30:56.753-0500][gc,heap     ] GC(11) Archive regions: 2->2
[2024-02-11T18:30:56.753-0500][gc,heap     ] GC(11) Humongous regions: 129->129
[2024-02-11T18:30:56.753-0500][gc,metaspace] GC(11) Metaspace: 42435K(43200K)->42435K(43200K) NonClass: 37507K(37952K)->37507K(37952K) Class: 4927K(5248K)->4927K(5248K)
[2024-02-11T18:30:56.753-0500][gc          ] GC(11) Pause Young (Normal) (G1 Evacuation Pause) 202M->158M(1024M) 15.845ms
[2024-02-11T18:30:56.753-0500][gc,cpu      ] GC(11) User=0.04s Sys=0.01s Real=0.02s
[2024-02-11T18:40:53.872-0500][gc,start    ] GC(12) Pause Young (Normal) (G1 Evacuation Pause)
[2024-02-11T18:40:53.872-0500][gc,task     ] GC(12) Using 9 workers of 9 for evacuation
[2024-02-11T18:40:53.879-0500][gc,phases   ] GC(12)   Pre Evacuate Collection Set: 0.2ms
[2024-02-11T18:40:53.880-0500][gc,phases   ] GC(12)   Merge Heap Roots: 0.1ms
[2024-02-11T18:40:53.880-0500][gc,phases   ] GC(12)   Evacuate Collection Set: 6.6ms
[2024-02-11T18:40:53.880-0500][gc,phases   ] GC(12)   Post Evacuate Collection Set: 0.4ms
[2024-02-11T18:40:53.880-0500][gc,phases   ] GC(12)   Other: 0.1ms
[2024-02-11T18:40:53.880-0500][gc,heap     ] GC(12) Eden regions: 44->0(60)
[2024-02-11T18:40:53.880-0500][gc,heap     ] GC(12) Survivor regions: 7->4(7)
[2024-02-11T18:40:53.880-0500][gc,heap     ] GC(12) Old regions: 22->27
[2024-02-11T18:40:53.880-0500][gc,heap     ] GC(12) Archive regions: 2->2
[2024-02-11T18:40:53.880-0500][gc,heap     ] GC(12) Humongous regions: 129->129
[2024-02-11T18:40:53.880-0500][gc,metaspace] GC(12) Metaspace: 42444K(43200K)->42444K(43200K) NonClass: 37516K(37952K)->37516K(37952K) Class: 4927K(5248K)->4927K(5248K)
[2024-02-11T18:40:53.880-0500][gc          ] GC(12) Pause Young (Normal) (G1 Evacuation Pause) 202M->159M(1024M) 8.150ms
[2024-02-11T18:40:53.880-0500][gc,cpu      ] GC(12) User=0.02s Sys=0.01s Real=0.01s
[2024-02-11T19:00:53.147-0500][gc,start    ] GC(13) Pause Young (Normal) (G1 Evacuation Pause)
[2024-02-11T19:00:53.149-0500][gc,task     ] GC(13) Using 9 workers of 9 for evacuation
[2024-02-11T19:00:53.166-0500][gc,phases   ] GC(13)   Pre Evacuate Collection Set: 1.1ms
[2024-02-11T19:00:53.166-0500][gc,phases   ] GC(13)   Merge Heap Roots: 0.2ms
[2024-02-11T19:00:53.166-0500][gc,phases   ] GC(13)   Evacuate Collection Set: 15.5ms
[2024-02-11T19:00:53.166-0500][gc,phases   ] GC(13)   Post Evacuate Collection Set: 0.6ms
[2024-02-11T19:00:53.166-0500][gc,phases   ] GC(13)   Other: 0.3ms
[2024-02-11T19:00:53.166-0500][gc,heap     ] GC(13) Eden regions: 88->0(44)
[2024-02-11T19:00:53.166-0500][gc,heap     ] GC(13) Survivor regions: 4->7(12)
[2024-02-11T19:00:53.166-0500][gc,heap     ] GC(13) Old regions: 27->27
[2024-02-11T19:00:53.166-0500][gc,heap     ] GC(13) Archive regions: 2->2
[2024-02-11T19:00:53.166-0500][gc,heap     ] GC(13) Humongous regions: 129->129
[2024-02-11T19:00:53.166-0500][gc,metaspace] GC(13) Metaspace: 42480K(43200K)->42480K(43200K) NonClass: 37552K(37952K)->37552K(37952K) Class: 4927K(5248K)->4927K(5248K)
[2024-02-11T19:00:53.166-0500][gc          ] GC(13) Pause Young (Normal) (G1 Evacuation Pause) 247M->162M(1024M) 19.323ms
[2024-02-11T19:00:53.167-0500][gc,cpu      ] GC(13) User=0.05s Sys=0.01s Real=0.02s
[2024-02-11T19:11:18.999-0500][gc,start    ] GC(14) Pause Young (Normal) (G1 Evacuation Pause)
[2024-02-11T19:11:19.001-0500][gc,task     ] GC(14) Using 9 workers of 9 for evacuation
[2024-02-11T19:11:19.013-0500][gc,phases   ] GC(14)   Pre Evacuate Collection Set: 0.5ms
[2024-02-11T19:11:19.013-0500][gc,phases   ] GC(14)   Merge Heap Roots: 0.1ms
[2024-02-11T19:11:19.013-0500][gc,phases   ] GC(14)   Evacuate Collection Set: 11.1ms
[2024-02-11T19:11:19.013-0500][gc,phases   ] GC(14)   Post Evacuate Collection Set: 0.5ms
[2024-02-11T19:11:19.013-0500][gc,phases   ] GC(14)   Other: 0.2ms
[2024-02-11T19:11:19.013-0500][gc,heap     ] GC(14) Eden regions: 46->0(75)
[2024-02-11T19:11:19.013-0500][gc,heap     ] GC(14) Survivor regions: 7->4(7)
[2024-02-11T19:11:19.013-0500][gc,heap     ] GC(14) Old regions: 27->31
[2024-02-11T19:11:19.013-0500][gc,heap     ] GC(14) Archive regions: 2->2
[2024-02-11T19:11:19.013-0500][gc,heap     ] GC(14) Humongous regions: 129->129
[2024-02-11T19:11:19.013-0500][gc,metaspace] GC(14) Metaspace: 42481K(43200K)->42481K(43200K) NonClass: 37553K(37952K)->37553K(37952K) Class: 4927K(5248K)->4927K(5248K)
[2024-02-11T19:11:19.013-0500][gc          ] GC(14) Pause Young (Normal) (G1 Evacuation Pause) 208M->164M(1024M) 13.875ms
[2024-02-11T19:11:19.013-0500][gc,cpu      ] GC(14) User=0.04s Sys=0.01s Real=0.02s
[2024-02-11T19:26:37.140-0500][gc,start    ] GC(15) Pause Young (Normal) (G1 Evacuation Pause)
[2024-02-11T19:26:37.141-0500][gc,task     ] GC(15) Using 9 workers of 9 for evacuation
[2024-02-11T19:26:37.163-0500][gc,mmu      ] GC(15) MMU target violated: 21.0ms (20.0ms/21.0ms)
[2024-02-11T19:26:37.163-0500][gc,phases   ] GC(15)   Pre Evacuate Collection Set: 0.6ms
[2024-02-11T19:26:37.163-0500][gc,phases   ] GC(15)   Merge Heap Roots: 0.2ms
[2024-02-11T19:26:37.163-0500][gc,phases   ] GC(15)   Evacuate Collection Set: 20.6ms
[2024-02-11T19:26:37.163-0500][gc,phases   ] GC(15)   Post Evacuate Collection Set: 0.4ms
[2024-02-11T19:26:37.163-0500][gc,phases   ] GC(15)   Other: 0.3ms
[2024-02-11T19:26:37.163-0500][gc,heap     ] GC(15) Eden regions: 70->0(41)
[2024-02-11T19:26:37.163-0500][gc,heap     ] GC(15) Survivor regions: 4->10(10)
[2024-02-11T19:26:37.163-0500][gc,heap     ] GC(15) Old regions: 31->31
[2024-02-11T19:26:37.163-0500][gc,heap     ] GC(15) Archive regions: 2->2
[2024-02-11T19:26:37.163-0500][gc,heap     ] GC(15) Humongous regions: 129->129
[2024-02-11T19:26:37.163-0500][gc,metaspace] GC(15) Metaspace: 42490K(43200K)->42490K(43200K) NonClass: 37562K(37952K)->37562K(37952K) Class: 4927K(5248K)->4927K(5248K)
[2024-02-11T19:26:37.163-0500][gc          ] GC(15) Pause Young (Normal) (G1 Evacuation Pause) 234M->170M(1024M) 23.533ms
[2024-02-11T19:26:37.163-0500][gc,cpu      ] GC(15) User=0.06s Sys=0.01s Real=0.02s
[2024-02-11T19:35:49.685-0500][gc,start    ] GC(16) Pause Young (Normal) (G1 Evacuation Pause)
[2024-02-11T19:35:49.686-0500][gc,task     ] GC(16) Using 9 workers of 9 for evacuation
[2024-02-11T19:35:49.700-0500][gc,phases   ] GC(16)   Pre Evacuate Collection Set: 0.5ms
[2024-02-11T19:35:49.700-0500][gc,phases   ] GC(16)   Merge Heap Roots: 0.1ms
[2024-02-11T19:35:49.700-0500][gc,phases   ] GC(16)   Evacuate Collection Set: 12.7ms
[2024-02-11T19:35:49.700-0500][gc,phases   ] GC(16)   Post Evacuate Collection Set: 0.4ms
[2024-02-11T19:35:49.700-0500][gc,phases   ] GC(16)   Other: 0.2ms
[2024-02-11T19:35:49.700-0500][gc,heap     ] GC(16) Eden regions: 41->0(125)
[2024-02-11T19:35:49.700-0500][gc,heap     ] GC(16) Survivor regions: 10->2(7)
[2024-02-11T19:35:49.700-0500][gc,heap     ] GC(16) Old regions: 31->38
[2024-02-11T19:35:49.700-0500][gc,heap     ] GC(16) Archive regions: 2->2
[2024-02-11T19:35:49.700-0500][gc,heap     ] GC(16) Humongous regions: 129->129
[2024-02-11T19:35:49.701-0500][gc,metaspace] GC(16) Metaspace: 42506K(43200K)->42506K(43200K) NonClass: 37579K(37952K)->37579K(37952K) Class: 4927K(5248K)->4927K(5248K)
[2024-02-11T19:35:49.701-0500][gc          ] GC(16) Pause Young (Normal) (G1 Evacuation Pause) 211M->169M(1024M) 15.843ms
[2024-02-11T19:35:49.701-0500][gc,cpu      ] GC(16) User=0.04s Sys=0.00s Real=0.02s
[2024-02-11T20:09:35.098-0500][gc,start    ] GC(17) Pause Young (Normal) (G1 Evacuation Pause)
[2024-02-11T20:09:35.098-0500][gc,task     ] GC(17) Using 9 workers of 9 for evacuation
[2024-02-11T20:09:35.116-0500][gc,phases   ] GC(17)   Pre Evacuate Collection Set: 0.5ms
[2024-02-11T20:09:35.116-0500][gc,phases   ] GC(17)   Merge Heap Roots: 0.1ms
[2024-02-11T20:09:35.116-0500][gc,phases   ] GC(17)   Evacuate Collection Set: 16.4ms
[2024-02-11T20:09:35.116-0500][gc,phases   ] GC(17)   Post Evacuate Collection Set: 0.5ms
[2024-02-11T20:09:35.116-0500][gc,phases   ] GC(17)   Other: 0.2ms
[2024-02-11T20:09:35.116-0500][gc,heap     ] GC(17) Eden regions: 148->0(40)
[2024-02-11T20:09:35.116-0500][gc,heap     ] GC(17) Survivor regions: 2->11(19)
[2024-02-11T20:09:35.116-0500][gc,heap     ] GC(17) Old regions: 38->38
[2024-02-11T20:09:35.116-0500][gc,heap     ] GC(17) Archive regions: 2->2
[2024-02-11T20:09:35.116-0500][gc,heap     ] GC(17) Humongous regions: 129->129
[2024-02-11T20:09:35.116-0500][gc,metaspace] GC(17) Metaspace: 42517K(43200K)->42517K(43200K) NonClass: 37589K(37952K)->37589K(37952K) Class: 4927K(5248K)->4927K(5248K)
[2024-02-11T20:09:35.116-0500][gc          ] GC(17) Pause Young (Normal) (G1 Evacuation Pause) 317M->178M(1024M) 18.374ms
[2024-02-11T20:09:35.116-0500][gc,cpu      ] GC(17) User=0.08s Sys=0.00s Real=0.02s
[2024-02-11T20:19:19.268-0500][gc,start    ] GC(18) Pause Young (Normal) (G1 Evacuation Pause)
[2024-02-11T20:19:19.270-0500][gc,task     ] GC(18) Using 9 workers of 9 for evacuation
[2024-02-11T20:19:19.287-0500][gc,phases   ] GC(18)   Pre Evacuate Collection Set: 0.4ms
[2024-02-11T20:19:19.287-0500][gc,phases   ] GC(18)   Merge Heap Roots: 0.1ms
[2024-02-11T20:19:19.287-0500][gc,phases   ] GC(18)   Evacuate Collection Set: 15.8ms
[2024-02-11T20:19:19.287-0500][gc,phases   ] GC(18)   Post Evacuate Collection Set: 0.4ms
[2024-02-11T20:19:19.287-0500][gc,phases   ] GC(18)   Other: 0.1ms
[2024-02-11T20:19:19.287-0500][gc,heap     ] GC(18) Eden regions: 43->0(96)
[2024-02-11T20:19:19.287-0500][gc,heap     ] GC(18) Survivor regions: 11->5(7)
[2024-02-11T20:19:19.287-0500][gc,heap     ] GC(18) Old regions: 38->48
[2024-02-11T20:19:19.287-0500][gc,heap     ] GC(18) Archive regions: 2->2
[2024-02-11T20:19:19.287-0500][gc,heap     ] GC(18) Humongous regions: 129->129
[2024-02-11T20:19:19.287-0500][gc,metaspace] GC(18) Metaspace: 42520K(43200K)->42520K(43200K) NonClass: 37592K(37952K)->37592K(37952K) Class: 4927K(5248K)->4927K(5248K)
[2024-02-11T20:19:19.287-0500][gc          ] GC(18) Pause Young (Normal) (G1 Evacuation Pause) 221M->182M(1024M) 18.360ms
[2024-02-11T20:19:19.287-0500][gc,cpu      ] GC(18) User=0.06s Sys=0.01s Real=0.02s
[2024-02-11T20:39:13.354-0500][gc,start    ] GC(19) Pause Young (Normal) (G1 Evacuation Pause)
[2024-02-11T20:39:13.355-0500][gc,task     ] GC(19) Using 9 workers of 9 for evacuation
[2024-02-11T20:39:13.368-0500][gc,phases   ] GC(19)   Pre Evacuate Collection Set: 0.4ms
[2024-02-11T20:39:13.368-0500][gc,phases   ] GC(19)   Merge Heap Roots: 0.1ms
[2024-02-11T20:39:13.368-0500][gc,phases   ] GC(19)   Evacuate Collection Set: 12.2ms
[2024-02-11T20:39:13.368-0500][gc,phases   ] GC(19)   Post Evacuate Collection Set: 0.5ms
[2024-02-11T20:39:13.368-0500][gc,phases   ] GC(19)   Other: 0.2ms
[2024-02-11T20:39:13.368-0500][gc,heap     ] GC(19) Eden regions: 90->0(100)
[2024-02-11T20:39:13.368-0500][gc,heap     ] GC(19) Survivor regions: 5->7(12)
[2024-02-11T20:39:13.368-0500][gc,heap     ] GC(19) Old regions: 48->48
[2024-02-11T20:39:13.368-0500][gc,heap     ] GC(19) Archive regions: 2->2
[2024-02-11T20:39:13.368-0500][gc,heap     ] GC(19) Humongous regions: 129->129
[2024-02-11T20:39:13.368-0500][gc,metaspace] GC(19) Metaspace: 42531K(43264K)->42531K(43264K) NonClass: 37603K(38016K)->37603K(38016K) Class: 4927K(5248K)->4927K(5248K)
[2024-02-11T20:39:13.368-0500][gc          ] GC(19) Pause Young (Normal) (G1 Evacuation Pause) 272M->184M(1024M) 14.126ms
[2024-02-11T20:39:13.369-0500][gc,cpu      ] GC(19) User=0.04s Sys=0.00s Real=0.01s
[2024-02-11T21:00:59.854-0500][gc,start    ] GC(20) Pause Young (Normal) (G1 Evacuation Pause)
[2024-02-11T21:00:59.855-0500][gc,task     ] GC(20) Using 9 workers of 9 for evacuation
[2024-02-11T21:00:59.866-0500][gc,phases   ] GC(20)   Pre Evacuate Collection Set: 0.5ms
[2024-02-11T21:00:59.866-0500][gc,phases   ] GC(20)   Merge Heap Roots: 0.1ms
[2024-02-11T21:00:59.866-0500][gc,phases   ] GC(20)   Evacuate Collection Set: 9.4ms
[2024-02-11T21:00:59.866-0500][gc,phases   ] GC(20)   Post Evacuate Collection Set: 0.5ms
[2024-02-11T21:00:59.866-0500][gc,phases   ] GC(20)   Other: 0.2ms
[2024-02-11T21:00:59.866-0500][gc,heap     ] GC(20) Eden regions: 95->0(135)
[2024-02-11T21:00:59.866-0500][gc,heap     ] GC(20) Survivor regions: 7->8(13)
[2024-02-11T21:00:59.866-0500][gc,heap     ] GC(20) Old regions: 48->48
[2024-02-11T21:00:59.866-0500][gc,heap     ] GC(20) Archive regions: 2->2
[2024-02-11T21:00:59.866-0500][gc,heap     ] GC(20) Humongous regions: 129->129
[2024-02-11T21:00:59.866-0500][gc,metaspace] GC(20) Metaspace: 42534K(43264K)->42534K(43264K) NonClass: 37606K(38016K)->37606K(38016K) Class: 4927K(5248K)->4927K(5248K)
[2024-02-11T21:00:59.866-0500][gc          ] GC(20) Pause Young (Normal) (G1 Evacuation Pause) 279M->184M(1024M) 11.700ms
[2024-02-11T21:00:59.866-0500][gc,cpu      ] GC(20) User=0.04s Sys=0.00s Real=0.01s
[2024-02-11T21:30:37.904-0500][gc,start    ] GC(21) Pause Young (Normal) (G1 Evacuation Pause)
[2024-02-11T21:30:37.905-0500][gc,task     ] GC(21) Using 9 workers of 9 for evacuation
[2024-02-11T21:30:37.918-0500][gc,phases   ] GC(21)   Pre Evacuate Collection Set: 0.4ms
[2024-02-11T21:30:37.918-0500][gc,phases   ] GC(21)   Merge Heap Roots: 0.1ms
[2024-02-11T21:30:37.918-0500][gc,phases   ] GC(21)   Evacuate Collection Set: 12.3ms
[2024-02-11T21:30:37.918-0500][gc,phases   ] GC(21)   Post Evacuate Collection Set: 0.4ms
[2024-02-11T21:30:37.918-0500][gc,phases   ] GC(21)   Other: 0.2ms
[2024-02-11T21:30:37.918-0500][gc,heap     ] GC(21) Eden regions: 132->0(163)
[2024-02-11T21:30:37.918-0500][gc,heap     ] GC(21) Survivor regions: 8->8(18)
[2024-02-11T21:30:37.918-0500][gc,heap     ] GC(21) Old regions: 48->48
[2024-02-11T21:30:37.918-0500][gc,heap     ] GC(21) Archive regions: 2->2
[2024-02-11T21:30:37.918-0500][gc,heap     ] GC(21) Humongous regions: 129->129
[2024-02-11T21:30:37.918-0500][gc,metaspace] GC(21) Metaspace: 42538K(43264K)->42538K(43264K) NonClass: 37610K(38016K)->37610K(38016K) Class: 4927K(5248K)->4927K(5248K)
[2024-02-11T21:30:37.918-0500][gc          ] GC(21) Pause Young (Normal) (G1 Evacuation Pause) 316M->185M(1024M) 14.201ms
[2024-02-11T21:30:37.919-0500][gc,cpu      ] GC(21) User=0.04s Sys=0.00s Real=0.01s
[2024-02-11T22:07:44.658-0500][gc,start    ] GC(22) Pause Young (Normal) (G1 Evacuation Pause)
[2024-02-11T22:07:44.658-0500][gc,task     ] GC(22) Using 9 workers of 9 for evacuation
[2024-02-11T22:07:44.668-0500][gc,phases   ] GC(22)   Pre Evacuate Collection Set: 0.3ms
[2024-02-11T22:07:44.668-0500][gc,phases   ] GC(22)   Merge Heap Roots: 0.1ms
[2024-02-11T22:07:44.668-0500][gc,phases   ] GC(22)   Evacuate Collection Set: 8.6ms
[2024-02-11T22:07:44.668-0500][gc,phases   ] GC(22)   Post Evacuate Collection Set: 0.4ms
[2024-02-11T22:07:44.668-0500][gc,phases   ] GC(22)   Other: 0.1ms
[2024-02-11T22:07:44.668-0500][gc,heap     ] GC(22) Eden regions: 161->0(606)
[2024-02-11T22:07:44.668-0500][gc,heap     ] GC(22) Survivor regions: 8->8(22)
[2024-02-11T22:07:44.668-0500][gc,heap     ] GC(22) Old regions: 48->48
[2024-02-11T22:07:44.668-0500][gc,heap     ] GC(22) Archive regions: 2->2
[2024-02-11T22:07:44.668-0500][gc,heap     ] GC(22) Humongous regions: 129->129
[2024-02-11T22:07:44.668-0500][gc,metaspace] GC(22) Metaspace: 42566K(43264K)->42566K(43264K) NonClass: 37638K(38016K)->37638K(38016K) Class: 4927K(5248K)->4927K(5248K)
[2024-02-11T22:07:44.668-0500][gc          ] GC(22) Pause Young (Normal) (G1 Evacuation Pause) 346M->185M(1024M) 10.193ms
[2024-02-11T22:07:44.668-0500][gc,cpu      ] GC(22) User=0.03s Sys=0.00s Real=0.01s
[2024-02-11T22:59:17.240-0500][gc,heap,exit] Heap
[2024-02-11T22:59:17.240-0500][gc,heap,exit]  garbage-first heap   total 1048576K, used 430739K [0x00000007c0000000, 0x0000000800000000)
[2024-02-11T22:59:17.240-0500][gc,heap,exit]   region size 1024K, 244 young (249856K), 8 survivors (8192K)
[2024-02-11T22:59:17.240-0500][gc,heap,exit]  Metaspace       used 43237K, committed 43968K, reserved 1114112K
[2024-02-11T22:59:17.240-0500][gc,heap,exit]   class space    used 5089K, committed 5376K, reserved 1048576K
