[2024-02-11T16:34:58.109-0500][gc,init] CardTable entry size: 512
[2024-02-11T16:34:58.110-0500][gc     ] Using G1
[2024-02-11T16:34:58.111-0500][gc,init] Version: 20.0.2+9-78 (release)
[2024-02-11T16:34:58.111-0500][gc,init] CPUs: 10 total, 10 available
[2024-02-11T16:34:58.111-0500][gc,init] Memory: 16384M
[2024-02-11T16:34:58.111-0500][gc,init] Large Page Support: Disabled
[2024-02-11T16:34:58.111-0500][gc,init] NUMA Support: Disabled
[2024-02-11T16:34:58.111-0500][gc,init] Compressed Oops: Enabled (Zero based)
[2024-02-11T16:34:58.111-0500][gc,init] Heap Region Size: 1M
[2024-02-11T16:34:58.111-0500][gc,init] Heap Min Capacity: 1G
[2024-02-11T16:34:58.111-0500][gc,init] Heap Initial Capacity: 1G
[2024-02-11T16:34:58.111-0500][gc,init] Heap Max Capacity: 1G
[2024-02-11T16:34:58.111-0500][gc,init] Pre-touch: Disabled
[2024-02-11T16:34:58.111-0500][gc,init] Parallel Workers: 9
[2024-02-11T16:34:58.111-0500][gc,init] Concurrent Workers: 2
[2024-02-11T16:34:58.111-0500][gc,init] Concurrent Refinement Workers: 9
[2024-02-11T16:34:58.111-0500][gc,init] Periodic GC: Disabled
[2024-02-11T16:34:58.114-0500][gc,metaspace] CDS archive(s) mapped at: [0x0000007000000000-0x0000007000c78000-0x0000007000c78000), size 13074432, SharedBaseAddress: 0x0000007000000000, ArchiveRelocationMode: 1.
[2024-02-11T16:34:58.114-0500][gc,metaspace] Compressed class space mapped at: 0x0000007001000000-0x0000007041000000, reserved size: 1073741824
[2024-02-11T16:34:58.114-0500][gc,metaspace] Narrow klass base: 0x0000007000000000, Narrow klass shift: 0, Narrow klass range: 0x100000000
[2024-02-11T16:34:58.654-0500][gc,start    ] GC(0) Pause Young (Normal) (G1 Evacuation Pause)
[2024-02-11T16:34:58.654-0500][gc,task     ] GC(0) Using 9 workers of 9 for evacuation
[2024-02-11T16:34:58.656-0500][gc,phases   ] GC(0)   Pre Evacuate Collection Set: 0.1ms
[2024-02-11T16:34:58.656-0500][gc,phases   ] GC(0)   Merge Heap Roots: 0.0ms
[2024-02-11T16:34:58.656-0500][gc,phases   ] GC(0)   Evacuate Collection Set: 2.1ms
[2024-02-11T16:34:58.656-0500][gc,phases   ] GC(0)   Post Evacuate Collection Set: 0.3ms
[2024-02-11T16:34:58.656-0500][gc,phases   ] GC(0)   Other: 0.2ms
[2024-02-11T16:34:58.656-0500][gc,heap     ] GC(0) Eden regions: 51->0(44)
[2024-02-11T16:34:58.657-0500][gc,heap     ] GC(0) Survivor regions: 0->7(7)
[2024-02-11T16:34:58.657-0500][gc,heap     ] GC(0) Old regions: 0->1
[2024-02-11T16:34:58.657-0500][gc,heap     ] GC(0) Archive regions: 2->2
[2024-02-11T16:34:58.657-0500][gc,heap     ] GC(0) Humongous regions: 0->0
[2024-02-11T16:34:58.657-0500][gc,metaspace] GC(0) Metaspace: 18174K(18432K)->18174K(18432K) NonClass: 16093K(16256K)->16093K(16256K) Class: 2081K(2176K)->2081K(2176K)
[2024-02-11T16:34:58.657-0500][gc          ] GC(0) Pause Young (Normal) (G1 Evacuation Pause) 51M->8M(1024M) 2.937ms
[2024-02-11T16:34:58.657-0500][gc,cpu      ] GC(0) User=0.02s Sys=0.01s Real=0.00s
[2024-02-11T16:34:58.748-0500][gc,start    ] GC(1) Pause Young (Concurrent Start) (Metadata GC Threshold)
[2024-02-11T16:34:58.748-0500][gc,task     ] GC(1) Using 9 workers of 9 for evacuation
[2024-02-11T16:34:58.750-0500][gc,phases   ] GC(1)   Pre Evacuate Collection Set: 0.2ms
[2024-02-11T16:34:58.750-0500][gc,phases   ] GC(1)   Merge Heap Roots: 0.0ms
[2024-02-11T16:34:58.750-0500][gc,phases   ] GC(1)   Evacuate Collection Set: 1.5ms
[2024-02-11T16:34:58.750-0500][gc,phases   ] GC(1)   Post Evacuate Collection Set: 0.2ms
[2024-02-11T16:34:58.750-0500][gc,phases   ] GC(1)   Other: 0.0ms
[2024-02-11T16:34:58.750-0500][gc,heap     ] GC(1) Eden regions: 13->0(49)
[2024-02-11T16:34:58.750-0500][gc,heap     ] GC(1) Survivor regions: 7->2(7)
[2024-02-11T16:34:58.750-0500][gc,heap     ] GC(1) Old regions: 1->8
[2024-02-11T16:34:58.750-0500][gc,heap     ] GC(1) Archive regions: 2->2
[2024-02-11T16:34:58.750-0500][gc,heap     ] GC(1) Humongous regions: 0->0
[2024-02-11T16:34:58.750-0500][gc,metaspace] GC(1) Metaspace: 21237K(21504K)->21237K(21504K) NonClass: 18760K(18880K)->18760K(18880K) Class: 2477K(2624K)->2477K(2624K)
[2024-02-11T16:34:58.750-0500][gc          ] GC(1) Pause Young (Concurrent Start) (Metadata GC Threshold) 21M->9M(1024M) 2.109ms
[2024-02-11T16:34:58.750-0500][gc          ] GC(2) Concurrent Mark Cycle
[2024-02-11T16:34:58.750-0500][gc,cpu      ] GC(1) User=0.01s Sys=0.01s Real=0.01s
[2024-02-11T16:34:58.750-0500][gc,marking  ] GC(2) Concurrent Scan Root Regions
[2024-02-11T16:34:58.751-0500][gc,marking  ] GC(2) Concurrent Scan Root Regions 0.969ms
[2024-02-11T16:34:58.751-0500][gc,marking  ] GC(2) Concurrent Mark
[2024-02-11T16:34:58.751-0500][gc,marking  ] GC(2) Concurrent Mark From Roots
[2024-02-11T16:34:58.751-0500][gc,task     ] GC(2) Using 2 workers of 2 for marking
[2024-02-11T16:34:58.751-0500][gc,marking  ] GC(2) Concurrent Mark From Roots 0.326ms
[2024-02-11T16:34:58.751-0500][gc,marking  ] GC(2) Concurrent Preclean
[2024-02-11T16:34:58.751-0500][gc,marking  ] GC(2) Concurrent Preclean 0.005ms
[2024-02-11T16:34:58.751-0500][gc,start    ] GC(2) Pause Remark
[2024-02-11T16:34:58.752-0500][gc          ] GC(2) Pause Remark 10M->10M(1024M) 0.747ms
[2024-02-11T16:34:58.752-0500][gc,cpu      ] GC(2) User=0.00s Sys=0.00s Real=0.00s
[2024-02-11T16:34:58.752-0500][gc,marking  ] GC(2) Concurrent Mark 1.218ms
[2024-02-11T16:34:58.752-0500][gc,marking  ] GC(2) Concurrent Rebuild Remembered Sets and Scrub Regions
[2024-02-11T16:34:58.753-0500][gc,marking  ] GC(2) Concurrent Rebuild Remembered Sets and Scrub Regions 1.108ms
[2024-02-11T16:34:58.766-0500][gc,start    ] GC(2) Pause Cleanup
[2024-02-11T16:34:58.766-0500][gc          ] GC(2) Pause Cleanup 139M->139M(1024M) 0.132ms
[2024-02-11T16:34:58.766-0500][gc,cpu      ] GC(2) User=0.00s Sys=0.00s Real=0.00s
[2024-02-11T16:34:58.766-0500][gc,marking  ] GC(2) Concurrent Clear Claimed Marks
[2024-02-11T16:34:58.766-0500][gc,marking  ] GC(2) Concurrent Clear Claimed Marks 0.026ms
[2024-02-11T16:34:58.766-0500][gc,marking  ] GC(2) Concurrent Cleanup for Next Mark
[2024-02-11T16:34:58.767-0500][gc,marking  ] GC(2) Concurrent Cleanup for Next Mark 1.560ms
[2024-02-11T16:34:58.767-0500][gc          ] GC(2) Concurrent Mark Cycle 17.690ms
[2024-02-11T16:34:59.005-0500][gc,start    ] GC(3) Pause Young (Normal) (G1 Evacuation Pause)
[2024-02-11T16:34:59.005-0500][gc,task     ] GC(3) Using 9 workers of 9 for evacuation
[2024-02-11T16:34:59.007-0500][gc,phases   ] GC(3)   Pre Evacuate Collection Set: 0.1ms
[2024-02-11T16:34:59.007-0500][gc,phases   ] GC(3)   Merge Heap Roots: 0.0ms
[2024-02-11T16:34:59.007-0500][gc,phases   ] GC(3)   Evacuate Collection Set: 1.4ms
[2024-02-11T16:34:59.007-0500][gc,phases   ] GC(3)   Post Evacuate Collection Set: 0.2ms
[2024-02-11T16:34:59.007-0500][gc,phases   ] GC(3)   Other: 0.0ms
[2024-02-11T16:34:59.007-0500][gc,heap     ] GC(3) Eden regions: 49->0(44)
[2024-02-11T16:34:59.007-0500][gc,heap     ] GC(3) Survivor regions: 2->7(7)
[2024-02-11T16:34:59.007-0500][gc,heap     ] GC(3) Old regions: 8->8
[2024-02-11T16:34:59.007-0500][gc,heap     ] GC(3) Archive regions: 2->2
[2024-02-11T16:34:59.007-0500][gc,heap     ] GC(3) Humongous regions: 129->129
[2024-02-11T16:34:59.007-0500][gc,metaspace] GC(3) Metaspace: 32862K(33152K)->32862K(33152K) NonClass: 29305K(29440K)->29305K(29440K) Class: 3557K(3712K)->3557K(3712K)
[2024-02-11T16:34:59.007-0500][gc          ] GC(3) Pause Young (Normal) (G1 Evacuation Pause) 187M->143M(1024M) 1.859ms
[2024-02-11T16:34:59.007-0500][gc,cpu      ] GC(3) User=0.02s Sys=0.00s Real=0.00s
[2024-02-11T16:43:52.741-0500][gc,start    ] GC(4) Pause Young (Concurrent Start) (Metadata GC Threshold)
[2024-02-11T16:43:52.741-0500][gc,task     ] GC(4) Using 9 workers of 9 for evacuation
[2024-02-11T16:43:52.744-0500][gc,phases   ] GC(4)   Pre Evacuate Collection Set: 0.4ms
[2024-02-11T16:43:52.744-0500][gc,phases   ] GC(4)   Merge Heap Roots: 0.1ms
[2024-02-11T16:43:52.744-0500][gc,phases   ] GC(4)   Evacuate Collection Set: 2.6ms
[2024-02-11T16:43:52.744-0500][gc,phases   ] GC(4)   Post Evacuate Collection Set: 0.2ms
[2024-02-11T16:43:52.744-0500][gc,phases   ] GC(4)   Other: 0.0ms
[2024-02-11T16:43:52.744-0500][gc,heap     ] GC(4) Eden regions: 17->0(49)
[2024-02-11T16:43:52.744-0500][gc,heap     ] GC(4) Survivor regions: 7->2(7)
[2024-02-11T16:43:52.744-0500][gc,heap     ] GC(4) Old regions: 8->14
[2024-02-11T16:43:52.744-0500][gc,heap     ] GC(4) Archive regions: 2->2
[2024-02-11T16:43:52.744-0500][gc,heap     ] GC(4) Humongous regions: 129->129
[2024-02-11T16:43:52.744-0500][gc,metaspace] GC(4) Metaspace: 35639K(35968K)->35639K(35968K) NonClass: 31693K(31872K)->31693K(31872K) Class: 3945K(4096K)->3945K(4096K)
[2024-02-11T16:43:52.744-0500][gc          ] GC(4) Pause Young (Concurrent Start) (Metadata GC Threshold) 159M->144M(1024M) 3.509ms
[2024-02-11T16:43:52.744-0500][gc,cpu      ] GC(4) User=0.01s Sys=0.01s Real=0.00s
[2024-02-11T16:43:52.744-0500][gc          ] GC(5) Concurrent Mark Cycle
[2024-02-11T16:43:52.744-0500][gc,marking  ] GC(5) Concurrent Scan Root Regions
[2024-02-11T16:43:52.745-0500][gc,marking  ] GC(5) Concurrent Scan Root Regions 1.336ms
[2024-02-11T16:43:52.745-0500][gc,marking  ] GC(5) Concurrent Mark
[2024-02-11T16:43:52.745-0500][gc,marking  ] GC(5) Concurrent Mark From Roots
[2024-02-11T16:43:52.745-0500][gc,task     ] GC(5) Using 2 workers of 2 for marking
[2024-02-11T16:43:52.748-0500][gc,marking  ] GC(5) Concurrent Mark From Roots 2.317ms
[2024-02-11T16:43:52.748-0500][gc,marking  ] GC(5) Concurrent Preclean
[2024-02-11T16:43:52.748-0500][gc,marking  ] GC(5) Concurrent Preclean 0.014ms
[2024-02-11T16:43:52.748-0500][gc,start    ] GC(5) Pause Remark
[2024-02-11T16:43:52.749-0500][gc          ] GC(5) Pause Remark 144M->144M(1024M) 1.054ms
[2024-02-11T16:43:52.749-0500][gc,cpu      ] GC(5) User=0.01s Sys=0.00s Real=0.00s
[2024-02-11T16:43:52.749-0500][gc,marking  ] GC(5) Concurrent Mark 3.507ms
[2024-02-11T16:43:52.749-0500][gc,marking  ] GC(5) Concurrent Rebuild Remembered Sets and Scrub Regions
[2024-02-11T16:43:52.752-0500][gc,marking  ] GC(5) Concurrent Rebuild Remembered Sets and Scrub Regions 3.090ms
[2024-02-11T16:43:52.752-0500][gc,start    ] GC(5) Pause Cleanup
[2024-02-11T16:43:52.752-0500][gc          ] GC(5) Pause Cleanup 145M->145M(1024M) 0.112ms
[2024-02-11T16:43:52.752-0500][gc,cpu      ] GC(5) User=0.00s Sys=0.00s Real=0.00s
[2024-02-11T16:43:52.752-0500][gc,marking  ] GC(5) Concurrent Clear Claimed Marks
[2024-02-11T16:43:52.752-0500][gc,marking  ] GC(5) Concurrent Clear Claimed Marks 0.038ms
[2024-02-11T16:43:52.752-0500][gc,marking  ] GC(5) Concurrent Cleanup for Next Mark
[2024-02-11T16:43:52.755-0500][gc,marking  ] GC(5) Concurrent Cleanup for Next Mark 2.195ms
[2024-02-11T16:43:52.755-0500][gc          ] GC(5) Concurrent Mark Cycle 10.451ms
[2024-02-11T17:09:40.727-0500][gc,start    ] GC(6) Pause Young (Prepare Mixed) (G1 Evacuation Pause)
[2024-02-11T17:09:40.728-0500][gc,task     ] GC(6) Using 9 workers of 9 for evacuation
[2024-02-11T17:09:40.732-0500][gc,phases   ] GC(6)   Pre Evacuate Collection Set: 0.4ms
[2024-02-11T17:09:40.732-0500][gc,phases   ] GC(6)   Merge Heap Roots: 0.1ms
[2024-02-11T17:09:40.732-0500][gc,phases   ] GC(6)   Evacuate Collection Set: 2.5ms
[2024-02-11T17:09:40.732-0500][gc,phases   ] GC(6)   Post Evacuate Collection Set: 0.6ms
[2024-02-11T17:09:40.732-0500][gc,phases   ] GC(6)   Other: 0.1ms
[2024-02-11T17:09:40.732-0500][gc,heap     ] GC(6) Eden regions: 49->0(48)
[2024-02-11T17:09:40.732-0500][gc,heap     ] GC(6) Survivor regions: 2->3(7)
[2024-02-11T17:09:40.732-0500][gc,heap     ] GC(6) Old regions: 14->14
[2024-02-11T17:09:40.732-0500][gc,heap     ] GC(6) Archive regions: 2->2
[2024-02-11T17:09:40.732-0500][gc,heap     ] GC(6) Humongous regions: 129->129
[2024-02-11T17:09:40.732-0500][gc,metaspace] GC(6) Metaspace: 40126K(40704K)->40126K(40704K) NonClass: 35497K(35840K)->35497K(35840K) Class: 4628K(4864K)->4628K(4864K)
[2024-02-11T17:09:40.732-0500][gc          ] GC(6) Pause Young (Prepare Mixed) (G1 Evacuation Pause) 193M->145M(1024M) 5.232ms
[2024-02-11T17:09:40.732-0500][gc,cpu      ] GC(6) User=0.02s Sys=0.00s Real=0.01s
[2024-02-11T17:11:17.612-0500][gc,start    ] GC(7) Pause Young (Mixed) (G1 Evacuation Pause)
[2024-02-11T17:11:17.613-0500][gc,task     ] GC(7) Using 9 workers of 9 for evacuation
[2024-02-11T17:11:17.619-0500][gc,phases   ] GC(7)   Pre Evacuate Collection Set: 0.4ms
[2024-02-11T17:11:17.620-0500][gc,phases   ] GC(7)   Merge Heap Roots: 0.1ms
[2024-02-11T17:11:17.620-0500][gc,phases   ] GC(7)   Evacuate Collection Set: 5.4ms
[2024-02-11T17:11:17.620-0500][gc,phases   ] GC(7)   Post Evacuate Collection Set: 0.6ms
[2024-02-11T17:11:17.620-0500][gc,phases   ] GC(7)   Other: 0.1ms
[2024-02-11T17:11:17.620-0500][gc,heap     ] GC(7) Eden regions: 48->0(47)
[2024-02-11T17:11:17.620-0500][gc,heap     ] GC(7) Survivor regions: 3->4(7)
[2024-02-11T17:11:17.620-0500][gc,heap     ] GC(7) Old regions: 14->14
[2024-02-11T17:11:17.620-0500][gc,heap     ] GC(7) Archive regions: 2->2
[2024-02-11T17:11:17.620-0500][gc,heap     ] GC(7) Humongous regions: 129->129
[2024-02-11T17:11:17.620-0500][gc,metaspace] GC(7) Metaspace: 40327K(40896K)->40327K(40896K) NonClass: 35699K(36032K)->35699K(36032K) Class: 4628K(4864K)->4628K(4864K)
[2024-02-11T17:11:17.620-0500][gc          ] GC(7) Pause Young (Mixed) (G1 Evacuation Pause) 193M->146M(1024M) 8.039ms
[2024-02-11T17:11:17.620-0500][gc,cpu      ] GC(7) User=0.02s Sys=0.00s Real=0.01s
[2024-02-11T17:12:51.903-0500][gc,start    ] GC(8) Pause Young (Normal) (G1 Evacuation Pause)
[2024-02-11T17:12:51.904-0500][gc,task     ] GC(8) Using 9 workers of 9 for evacuation
[2024-02-11T17:12:51.914-0500][gc,phases   ] GC(8)   Pre Evacuate Collection Set: 0.5ms
[2024-02-11T17:12:51.914-0500][gc,phases   ] GC(8)   Merge Heap Roots: 0.1ms
[2024-02-11T17:12:51.914-0500][gc,phases   ] GC(8)   Evacuate Collection Set: 8.8ms
[2024-02-11T17:12:51.914-0500][gc,phases   ] GC(8)   Post Evacuate Collection Set: 0.6ms
[2024-02-11T17:12:51.914-0500][gc,phases   ] GC(8)   Other: 0.1ms
[2024-02-11T17:12:51.914-0500][gc,heap     ] GC(8) Eden regions: 47->0(47)
[2024-02-11T17:12:51.914-0500][gc,heap     ] GC(8) Survivor regions: 4->4(7)
[2024-02-11T17:12:51.914-0500][gc,heap     ] GC(8) Old regions: 14->14
[2024-02-11T17:12:51.914-0500][gc,heap     ] GC(8) Archive regions: 2->2
[2024-02-11T17:12:51.914-0500][gc,heap     ] GC(8) Humongous regions: 129->129
[2024-02-11T17:12:51.914-0500][gc,metaspace] GC(8) Metaspace: 40336K(40896K)->40336K(40896K) NonClass: 35707K(36032K)->35707K(36032K) Class: 4629K(4864K)->4629K(4864K)
[2024-02-11T17:12:51.914-0500][gc          ] GC(8) Pause Young (Normal) (G1 Evacuation Pause) 193M->146M(1024M) 10.900ms
[2024-02-11T17:12:51.914-0500][gc,cpu      ] GC(8) User=0.03s Sys=0.00s Real=0.01s
[2024-02-11T17:14:27.720-0500][gc,start    ] GC(9) Pause Young (Normal) (G1 Evacuation Pause)
[2024-02-11T17:14:27.721-0500][gc,task     ] GC(9) Using 9 workers of 9 for evacuation
[2024-02-11T17:14:27.727-0500][gc,phases   ] GC(9)   Pre Evacuate Collection Set: 0.3ms
[2024-02-11T17:14:27.727-0500][gc,phases   ] GC(9)   Merge Heap Roots: 0.1ms
[2024-02-11T17:14:27.727-0500][gc,phases   ] GC(9)   Evacuate Collection Set: 4.8ms
[2024-02-11T17:14:27.727-0500][gc,phases   ] GC(9)   Post Evacuate Collection Set: 0.8ms
[2024-02-11T17:14:27.727-0500][gc,phases   ] GC(9)   Other: 0.1ms
[2024-02-11T17:14:27.727-0500][gc,heap     ] GC(9) Eden regions: 47->0(47)
[2024-02-11T17:14:27.727-0500][gc,heap     ] GC(9) Survivor regions: 4->4(7)
[2024-02-11T17:14:27.727-0500][gc,heap     ] GC(9) Old regions: 14->14
[2024-02-11T17:14:27.727-0500][gc,heap     ] GC(9) Archive regions: 2->2
[2024-02-11T17:14:27.727-0500][gc,heap     ] GC(9) Humongous regions: 129->129
[2024-02-11T17:14:27.727-0500][gc,metaspace] GC(9) Metaspace: 40339K(40896K)->40339K(40896K) NonClass: 35710K(36032K)->35710K(36032K) Class: 4629K(4864K)->4629K(4864K)
[2024-02-11T17:14:27.727-0500][gc          ] GC(9) Pause Young (Normal) (G1 Evacuation Pause) 193M->146M(1024M) 7.717ms
[2024-02-11T17:14:27.727-0500][gc,cpu      ] GC(9) User=0.02s Sys=0.00s Real=0.00s
[2024-02-11T17:16:06.007-0500][gc,start    ] GC(10) Pause Young (Normal) (G1 Evacuation Pause)
[2024-02-11T17:16:06.008-0500][gc,task     ] GC(10) Using 9 workers of 9 for evacuation
[2024-02-11T17:16:06.018-0500][gc,phases   ] GC(10)   Pre Evacuate Collection Set: 0.4ms
[2024-02-11T17:16:06.018-0500][gc,phases   ] GC(10)   Merge Heap Roots: 0.1ms
[2024-02-11T17:16:06.018-0500][gc,phases   ] GC(10)   Evacuate Collection Set: 9.3ms
[2024-02-11T17:16:06.018-0500][gc,phases   ] GC(10)   Post Evacuate Collection Set: 0.7ms
[2024-02-11T17:16:06.018-0500][gc,phases   ] GC(10)   Other: 0.2ms
[2024-02-11T17:16:06.018-0500][gc,heap     ] GC(10) Eden regions: 47->0(56)
[2024-02-11T17:16:06.018-0500][gc,heap     ] GC(10) Survivor regions: 4->4(7)
[2024-02-11T17:16:06.018-0500][gc,heap     ] GC(10) Old regions: 14->14
[2024-02-11T17:16:06.018-0500][gc,heap     ] GC(10) Archive regions: 2->2
[2024-02-11T17:16:06.018-0500][gc,heap     ] GC(10) Humongous regions: 129->129
[2024-02-11T17:16:06.018-0500][gc,metaspace] GC(10) Metaspace: 40352K(40896K)->40352K(40896K) NonClass: 35723K(36032K)->35723K(36032K) Class: 4629K(4864K)->4629K(4864K)
[2024-02-11T17:16:06.018-0500][gc          ] GC(10) Pause Young (Normal) (G1 Evacuation Pause) 193M->146M(1024M) 11.168ms
[2024-02-11T17:16:06.019-0500][gc,cpu      ] GC(10) User=0.03s Sys=0.00s Real=0.01s
[2024-02-11T17:18:05.057-0500][gc,start    ] GC(11) Pause Young (Normal) (G1 Evacuation Pause)
[2024-02-11T17:18:05.058-0500][gc,task     ] GC(11) Using 9 workers of 9 for evacuation
[2024-02-11T17:18:05.071-0500][gc,phases   ] GC(11)   Pre Evacuate Collection Set: 1.0ms
[2024-02-11T17:18:05.071-0500][gc,phases   ] GC(11)   Merge Heap Roots: 0.3ms
[2024-02-11T17:18:05.071-0500][gc,phases   ] GC(11)   Evacuate Collection Set: 10.8ms
[2024-02-11T17:18:05.071-0500][gc,phases   ] GC(11)   Post Evacuate Collection Set: 0.4ms
[2024-02-11T17:18:05.071-0500][gc,phases   ] GC(11)   Other: 0.3ms
[2024-02-11T17:18:05.071-0500][gc,heap     ] GC(11) Eden regions: 56->0(116)
[2024-02-11T17:18:05.071-0500][gc,heap     ] GC(11) Survivor regions: 4->5(8)
[2024-02-11T17:18:05.071-0500][gc,heap     ] GC(11) Old regions: 14->14
[2024-02-11T17:18:05.071-0500][gc,heap     ] GC(11) Archive regions: 2->2
[2024-02-11T17:18:05.071-0500][gc,heap     ] GC(11) Humongous regions: 129->129
[2024-02-11T17:18:05.071-0500][gc,metaspace] GC(11) Metaspace: 40368K(40896K)->40368K(40896K) NonClass: 35737K(36032K)->35737K(36032K) Class: 4630K(4864K)->4630K(4864K)
[2024-02-11T17:18:05.071-0500][gc          ] GC(11) Pause Young (Normal) (G1 Evacuation Pause) 202M->147M(1024M) 14.665ms
[2024-02-11T17:18:05.071-0500][gc,cpu      ] GC(11) User=0.03s Sys=0.01s Real=0.02s
[2024-02-11T17:22:17.053-0500][gc,start    ] GC(12) Pause Young (Normal) (G1 Evacuation Pause)
[2024-02-11T17:22:17.054-0500][gc,task     ] GC(12) Using 9 workers of 9 for evacuation
[2024-02-11T17:22:17.062-0500][gc,phases   ] GC(12)   Pre Evacuate Collection Set: 0.4ms
[2024-02-11T17:22:17.062-0500][gc,phases   ] GC(12)   Merge Heap Roots: 0.1ms
[2024-02-11T17:22:17.062-0500][gc,phases   ] GC(12)   Evacuate Collection Set: 6.4ms
[2024-02-11T17:22:17.062-0500][gc,phases   ] GC(12)   Post Evacuate Collection Set: 0.7ms
[2024-02-11T17:22:17.062-0500][gc,phases   ] GC(12)   Other: 0.2ms
[2024-02-11T17:22:17.062-0500][gc,heap     ] GC(12) Eden regions: 116->0(303)
[2024-02-11T17:22:17.062-0500][gc,heap     ] GC(12) Survivor regions: 5->5(16)
[2024-02-11T17:22:17.062-0500][gc,heap     ] GC(12) Old regions: 14->14
[2024-02-11T17:22:17.062-0500][gc,heap     ] GC(12) Archive regions: 2->2
[2024-02-11T17:22:17.062-0500][gc,heap     ] GC(12) Humongous regions: 129->129
[2024-02-11T17:22:17.062-0500][gc,metaspace] GC(12) Metaspace: 40413K(40960K)->40413K(40960K) NonClass: 35782K(36096K)->35782K(36096K) Class: 4630K(4864K)->4630K(4864K)
[2024-02-11T17:22:17.062-0500][gc          ] GC(12) Pause Young (Normal) (G1 Evacuation Pause) 263M->147M(1024M) 8.606ms
[2024-02-11T17:22:17.062-0500][gc,cpu      ] GC(12) User=0.02s Sys=0.00s Real=0.01s
[2024-02-11T17:23:46.640-0500][gc,heap,exit] Heap
[2024-02-11T17:23:46.641-0500][gc,heap,exit]  garbage-first heap   total 1048576K, used 203390K [0x00000007c0000000, 0x0000000800000000)
[2024-02-11T17:23:46.641-0500][gc,heap,exit]   region size 1024K, 56 young (57344K), 5 survivors (5120K)
[2024-02-11T17:23:46.641-0500][gc,heap,exit]  Metaspace       used 41056K, committed 41664K, reserved 1114112K
[2024-02-11T17:23:46.641-0500][gc,heap,exit]   class space    used 4788K, committed 5056K, reserved 1048576K
