[2024-02-11T16:33:42.207-0500][gc,init] CardTable entry size: 512
[2024-02-11T16:33:42.207-0500][gc     ] Using G1
[2024-02-11T16:33:42.208-0500][gc,init] Version: 20.0.2+9-78 (release)
[2024-02-11T16:33:42.208-0500][gc,init] CPUs: 10 total, 10 available
[2024-02-11T16:33:42.208-0500][gc,init] Memory: 16384M
[2024-02-11T16:33:42.208-0500][gc,init] Large Page Support: Disabled
[2024-02-11T16:33:42.208-0500][gc,init] NUMA Support: Disabled
[2024-02-11T16:33:42.208-0500][gc,init] Compressed Oops: Enabled (Zero based)
[2024-02-11T16:33:42.208-0500][gc,init] Heap Region Size: 1M
[2024-02-11T16:33:42.208-0500][gc,init] Heap Min Capacity: 512M
[2024-02-11T16:33:42.208-0500][gc,init] Heap Initial Capacity: 512M
[2024-02-11T16:33:42.208-0500][gc,init] Heap Max Capacity: 512M
[2024-02-11T16:33:42.208-0500][gc,init] Pre-touch: Disabled
[2024-02-11T16:33:42.208-0500][gc,init] Parallel Workers: 9
[2024-02-11T16:33:42.208-0500][gc,init] Concurrent Workers: 2
[2024-02-11T16:33:42.208-0500][gc,init] Concurrent Refinement Workers: 9
[2024-02-11T16:33:42.208-0500][gc,init] Periodic GC: Disabled
[2024-02-11T16:33:42.211-0500][gc,metaspace] CDS archive(s) mapped at: [0x0000008800000000-0x0000008800c78000-0x0000008800c78000), size 13074432, SharedBaseAddress: 0x0000008800000000, ArchiveRelocationMode: 1.
[2024-02-11T16:33:42.211-0500][gc,metaspace] Compressed class space mapped at: 0x0000008801000000-0x0000008841000000, reserved size: 1073741824
[2024-02-11T16:33:42.211-0500][gc,metaspace] Narrow klass base: 0x0000008800000000, Narrow klass shift: 0, Narrow klass range: 0x100000000
[2024-02-11T16:33:44.617-0500][gc,start    ] GC(0) Pause Young (Normal) (G1 Evacuation Pause)
[2024-02-11T16:33:44.618-0500][gc,task     ] GC(0) Using 9 workers of 9 for evacuation
[2024-02-11T16:33:44.626-0500][gc,phases   ] GC(0)   Pre Evacuate Collection Set: 0.3ms
[2024-02-11T16:33:44.626-0500][gc,phases   ] GC(0)   Merge Heap Roots: 0.3ms
[2024-02-11T16:33:44.626-0500][gc,phases   ] GC(0)   Evacuate Collection Set: 6.4ms
[2024-02-11T16:33:44.626-0500][gc,phases   ] GC(0)   Post Evacuate Collection Set: 0.9ms
[2024-02-11T16:33:44.626-0500][gc,phases   ] GC(0)   Other: 1.0ms
[2024-02-11T16:33:44.626-0500][gc,heap     ] GC(0) Eden regions: 25->0(21)
[2024-02-11T16:33:44.626-0500][gc,heap     ] GC(0) Survivor regions: 0->4(4)
[2024-02-11T16:33:44.626-0500][gc,heap     ] GC(0) Old regions: 0->4
[2024-02-11T16:33:44.626-0500][gc,heap     ] GC(0) Archive regions: 2->2
[2024-02-11T16:33:44.626-0500][gc,heap     ] GC(0) Humongous regions: 0->0
[2024-02-11T16:33:44.626-0500][gc,metaspace] GC(0) Metaspace: 8213K(8448K)->8213K(8448K) NonClass: 7317K(7424K)->7317K(7424K) Class: 896K(1024K)->896K(1024K)
[2024-02-11T16:33:44.626-0500][gc          ] GC(0) Pause Young (Normal) (G1 Evacuation Pause) 25M->8M(512M) 9.476ms
[2024-02-11T16:33:44.626-0500][gc,cpu      ] GC(0) User=0.03s Sys=0.00s Real=0.01s
[2024-02-11T17:11:01.823-0500][gc,start    ] GC(1) Pause Young (Normal) (G1 Evacuation Pause)
[2024-02-11T17:11:01.823-0500][gc,task     ] GC(1) Using 9 workers of 9 for evacuation
[2024-02-11T17:11:01.832-0500][gc,phases   ] GC(1)   Pre Evacuate Collection Set: 0.3ms
[2024-02-11T17:11:01.832-0500][gc,phases   ] GC(1)   Merge Heap Roots: 0.2ms
[2024-02-11T17:11:01.832-0500][gc,phases   ] GC(1)   Evacuate Collection Set: 7.3ms
[2024-02-11T17:11:01.832-0500][gc,phases   ] GC(1)   Post Evacuate Collection Set: 0.5ms
[2024-02-11T17:11:01.832-0500][gc,phases   ] GC(1)   Other: 0.2ms
[2024-02-11T17:11:01.832-0500][gc,heap     ] GC(1) Eden regions: 21->0(24)
[2024-02-11T17:11:01.832-0500][gc,heap     ] GC(1) Survivor regions: 4->1(4)
[2024-02-11T17:11:01.832-0500][gc,heap     ] GC(1) Old regions: 4->8
[2024-02-11T17:11:01.832-0500][gc,heap     ] GC(1) Archive regions: 2->2
[2024-02-11T17:11:01.832-0500][gc,heap     ] GC(1) Humongous regions: 0->0
[2024-02-11T17:11:01.832-0500][gc,metaspace] GC(1) Metaspace: 9303K(9536K)->9303K(9536K) NonClass: 8339K(8448K)->8339K(8448K) Class: 964K(1088K)->964K(1088K)
[2024-02-11T17:11:01.832-0500][gc          ] GC(1) Pause Young (Normal) (G1 Evacuation Pause) 29M->9M(512M) 9.115ms
[2024-02-11T17:11:01.832-0500][gc,cpu      ] GC(1) User=0.02s Sys=0.01s Real=0.01s
[2024-02-11T17:13:50.565-0500][gc,start    ] GC(2) Pause Young (Normal) (G1 Evacuation Pause)
[2024-02-11T17:13:50.566-0500][gc,task     ] GC(2) Using 9 workers of 9 for evacuation
[2024-02-11T17:13:50.569-0500][gc,phases   ] GC(2)   Pre Evacuate Collection Set: 0.5ms
[2024-02-11T17:13:50.569-0500][gc,phases   ] GC(2)   Merge Heap Roots: 0.1ms
[2024-02-11T17:13:50.569-0500][gc,phases   ] GC(2)   Evacuate Collection Set: 2.1ms
[2024-02-11T17:13:50.569-0500][gc,phases   ] GC(2)   Post Evacuate Collection Set: 0.3ms
[2024-02-11T17:13:50.569-0500][gc,phases   ] GC(2)   Other: 0.1ms
[2024-02-11T17:13:50.569-0500][gc,heap     ] GC(2) Eden regions: 24->0(24)
[2024-02-11T17:13:50.569-0500][gc,heap     ] GC(2) Survivor regions: 1->1(4)
[2024-02-11T17:13:50.569-0500][gc,heap     ] GC(2) Old regions: 8->8
[2024-02-11T17:13:50.569-0500][gc,heap     ] GC(2) Archive regions: 2->2
[2024-02-11T17:13:50.569-0500][gc,heap     ] GC(2) Humongous regions: 0->0
[2024-02-11T17:13:50.569-0500][gc,metaspace] GC(2) Metaspace: 9304K(9536K)->9304K(9536K) NonClass: 8340K(8448K)->8340K(8448K) Class: 964K(1088K)->964K(1088K)
[2024-02-11T17:13:50.569-0500][gc          ] GC(2) Pause Young (Normal) (G1 Evacuation Pause) 33M->8M(512M) 4.064ms
[2024-02-11T17:13:50.569-0500][gc,cpu      ] GC(2) User=0.01s Sys=0.00s Real=0.00s
[2024-02-11T17:16:49.256-0500][gc,start    ] GC(3) Pause Young (Normal) (G1 Evacuation Pause)
[2024-02-11T17:16:49.257-0500][gc,task     ] GC(3) Using 9 workers of 9 for evacuation
[2024-02-11T17:16:49.259-0500][gc,phases   ] GC(3)   Pre Evacuate Collection Set: 0.2ms
[2024-02-11T17:16:49.259-0500][gc,phases   ] GC(3)   Merge Heap Roots: 0.0ms
[2024-02-11T17:16:49.259-0500][gc,phases   ] GC(3)   Evacuate Collection Set: 1.1ms
[2024-02-11T17:16:49.259-0500][gc,phases   ] GC(3)   Post Evacuate Collection Set: 0.3ms
[2024-02-11T17:16:49.259-0500][gc,phases   ] GC(3)   Other: 0.1ms
[2024-02-11T17:16:49.259-0500][gc,heap     ] GC(3) Eden regions: 24->0(24)
[2024-02-11T17:16:49.259-0500][gc,heap     ] GC(3) Survivor regions: 1->1(4)
[2024-02-11T17:16:49.259-0500][gc,heap     ] GC(3) Old regions: 8->8
[2024-02-11T17:16:49.259-0500][gc,heap     ] GC(3) Archive regions: 2->2
[2024-02-11T17:16:49.259-0500][gc,heap     ] GC(3) Humongous regions: 0->0
[2024-02-11T17:16:49.259-0500][gc,metaspace] GC(3) Metaspace: 9305K(9536K)->9305K(9536K) NonClass: 8340K(8448K)->8340K(8448K) Class: 964K(1088K)->964K(1088K)
[2024-02-11T17:16:49.259-0500][gc          ] GC(3) Pause Young (Normal) (G1 Evacuation Pause) 32M->8M(512M) 3.096ms
[2024-02-11T17:16:49.259-0500][gc,cpu      ] GC(3) User=0.00s Sys=0.00s Real=0.00s
[2024-02-11T17:19:47.579-0500][gc,start    ] GC(4) Pause Young (Normal) (G1 Evacuation Pause)
[2024-02-11T17:19:47.581-0500][gc,task     ] GC(4) Using 9 workers of 9 for evacuation
[2024-02-11T17:19:47.583-0500][gc,phases   ] GC(4)   Pre Evacuate Collection Set: 0.2ms
[2024-02-11T17:19:47.583-0500][gc,phases   ] GC(4)   Merge Heap Roots: 0.1ms
[2024-02-11T17:19:47.583-0500][gc,phases   ] GC(4)   Evacuate Collection Set: 1.6ms
[2024-02-11T17:19:47.583-0500][gc,phases   ] GC(4)   Post Evacuate Collection Set: 0.3ms
[2024-02-11T17:19:47.583-0500][gc,phases   ] GC(4)   Other: 0.1ms
[2024-02-11T17:19:47.583-0500][gc,heap     ] GC(4) Eden regions: 24->0(24)
[2024-02-11T17:19:47.583-0500][gc,heap     ] GC(4) Survivor regions: 1->1(4)
[2024-02-11T17:19:47.583-0500][gc,heap     ] GC(4) Old regions: 8->8
[2024-02-11T17:19:47.583-0500][gc,heap     ] GC(4) Archive regions: 2->2
[2024-02-11T17:19:47.583-0500][gc,heap     ] GC(4) Humongous regions: 0->0
[2024-02-11T17:19:47.583-0500][gc,metaspace] GC(4) Metaspace: 9309K(9536K)->9309K(9536K) NonClass: 8345K(8448K)->8345K(8448K) Class: 964K(1088K)->964K(1088K)
[2024-02-11T17:19:47.583-0500][gc          ] GC(4) Pause Young (Normal) (G1 Evacuation Pause) 32M->8M(512M) 3.845ms
[2024-02-11T17:19:47.583-0500][gc,cpu      ] GC(4) User=0.01s Sys=0.00s Real=0.01s
[2024-02-11T17:23:19.167-0500][gc,start    ] GC(5) Pause Young (Normal) (G1 Evacuation Pause)
[2024-02-11T17:23:19.168-0500][gc,task     ] GC(5) Using 9 workers of 9 for evacuation
[2024-02-11T17:23:19.171-0500][gc,phases   ] GC(5)   Pre Evacuate Collection Set: 0.2ms
[2024-02-11T17:23:19.171-0500][gc,phases   ] GC(5)   Merge Heap Roots: 0.0ms
[2024-02-11T17:23:19.171-0500][gc,phases   ] GC(5)   Evacuate Collection Set: 2.1ms
[2024-02-11T17:23:19.171-0500][gc,phases   ] GC(5)   Post Evacuate Collection Set: 0.5ms
[2024-02-11T17:23:19.171-0500][gc,phases   ] GC(5)   Other: 0.1ms
[2024-02-11T17:23:19.171-0500][gc,heap     ] GC(5) Eden regions: 28->0(96)
[2024-02-11T17:23:19.171-0500][gc,heap     ] GC(5) Survivor regions: 1->1(4)
[2024-02-11T17:23:19.171-0500][gc,heap     ] GC(5) Old regions: 8->8
[2024-02-11T17:23:19.171-0500][gc,heap     ] GC(5) Archive regions: 2->2
[2024-02-11T17:23:19.171-0500][gc,heap     ] GC(5) Humongous regions: 0->0
[2024-02-11T17:23:19.171-0500][gc,metaspace] GC(5) Metaspace: 9309K(9536K)->9309K(9536K) NonClass: 8345K(8448K)->8345K(8448K) Class: 964K(1088K)->964K(1088K)
[2024-02-11T17:23:19.171-0500][gc          ] GC(5) Pause Young (Normal) (G1 Evacuation Pause) 36M->8M(512M) 3.982ms
[2024-02-11T17:23:19.171-0500][gc,cpu      ] GC(5) User=0.00s Sys=0.00s Real=0.01s
[2024-02-11T22:59:16.720-0500][gc,heap,exit] Heap
[2024-02-11T22:59:16.721-0500][gc,heap,exit]  garbage-first heap   total 524288K, used 35690K [0x00000007e0000000, 0x0000000800000000)
[2024-02-11T22:59:16.721-0500][gc,heap,exit]   region size 1024K, 27 young (27648K), 1 survivors (1024K)
[2024-02-11T22:59:16.721-0500][gc,heap,exit]  Metaspace       used 9415K, committed 9664K, reserved 1114112K
[2024-02-11T22:59:16.721-0500][gc,heap,exit]   class space    used 965K, committed 1088K, reserved 1048576K
